// Jest Snapshot v1, https://goo.gl/fbAQLP

exports[`Button Component renders correctly with title 1`] = `null`;

exports[`Button Component renders with arrow right 1`] = `null`;

exports[`Button Component renders with cancel functional styling 1`] = `null`;

exports[`Button Component renders with emoji background 1`] = `null`;

exports[`Button Component renders with icon 1`] = `null`;

exports[`Button Component renders with submit functional styling 1`] = `null`;

exports[`Button Component renders with textLeft alignment 1`] = `null`;
